******************************************************************************
                  TI ARM Linker PC v5.2.6                      
******************************************************************************
>> Linked Sun Nov 11 01:32:53 2018

OUTPUT FILE NAME:   <freertos_demo.out>
ENTRY POINT SYMBOL: "_c_int00"  address: 20011271


MEMORY CONFIGURATION

         name            origin    length      used     unused   attr    fill
----------------------  --------  ---------  --------  --------  ----  --------
  SRAM_CODE             20004000   00013000  0000e5b8  00004a48  RW X
  SRAM_DATA             20017000   00019000  00004cef  00014311  RW X


SEGMENT ALLOCATION MAP

run origin  load origin   length   init length attrs members
----------  ----------- ---------- ----------- ----- -------
20004000    20004000    0000e5c0   0000e5c0    r-x
  20004000    20004000    00000400   00000400    r-- .intvecs
  20004400    20004400    0000da0c   0000da0c    r-x .text
  20011e10    20011e10    00000704   00000704    r-- .const
  20012518    20012518    000000a8   000000a8    r-- .cinit
20017000    20017000    00004bf4   00000000    rw-
  20017000    20017000    00004000   00000000    rw- .sysmem
  2001b000    2001b000    0000092b   00000000    rw- .bss
  2001b930    2001b930    000002c4   00000000    rw- .data
2002ff00    2002ff00    00000100   00000000    rw-
  2002ff00    2002ff00    00000100   00000000    rw- .stack


SECTION ALLOCATION MAP

 output                                  attributes/
section   page    origin      length       input sections
--------  ----  ----------  ----------   ----------------
.intvecs   0    20004000    00000400     
                  20004000    00000400     startup_ccs.obj (.intvecs)

.init_array 
*          0    20004000    00000000     UNINITIALIZED

.text      0    20004400    0000da0c     
                  20004400    000013f4     main.obj (.text)
                  200057f4    0000125c     free_rtos.a : tasks.obj (.text)
                  20006a50    000010a6     rtsv7M4_T_le_eabi.lib : _printfi.obj (.text)
                  20007af6    00000002     driverlib.a : interrupt.obj (.text:IntDefaultHandler)
                  20007af8    00000fc4     webclient.a : httpcli.obj (.text)
                  20008abc    00000b24     free_rtos.a : queue.obj (.text)
                  200095e0    000005f0     json.a : jsmn.obj (.text)
                  20009bd0    00000590     simplelink.a : driver.obj (.text:_SlDrvMsgRead)
                  2000a160    00000480     rtsv7M4_T_le_eabi.lib : pow.obj (.text)
                  2000a5e0    0000045c     free_rtos.a : osi_freertos.obj (.text)
                  2000aa3c    0000040c     tmp006drv.obj (.text)
                  2000ae48    000003dc     rtsv7M4_T_le_eabi.lib : memory.obj (.text)
                  2000b224    000002ea     webclient.a : ssock.obj (.text)
                  2000b50e    00000002     --HOLE-- [fill = 0]
                  2000b510    000002e4     rtsv7M4_T_le_eabi.lib : xlog.obj (.text)
                  2000b7f4    00000290     i2c_if.obj (.text)
                  2000ba84    00000290     uart_if.obj (.text)
                  2000bd14    0000027c     simplelink.a : wlan.obj (.text:sl_WlanConnect)
                  2000bf90    0000024c                  : driver.obj (.text:_SlDrvRxHdrRead)
                  2000c1dc    000001fc     rtsv7M4_T_le_eabi.lib : xexp.obj (.text)
                  2000c3d8    000001f4                           : ull_div_t2.obj (.text)
                  2000c5cc    000001e4     simplelink.a : driver.obj (.text:_SlDrvDataReadOp)
                  2000c7b0    000001d0                  : driver.obj (.text:_SlDrvReleasePoolObj)
                  2000c980    000001b6     rtsv7M4_T_le_eabi.lib : fd_add_t2.obj (.text)
                  2000cb36    00000002     --HOLE-- [fill = 0]
                  2000cb38    000001b4     simplelink.a : driver.obj (.text:_SlDrvDriverCBInit)
                  2000ccec    0000019c                  : driver.obj (.text:_SlDrvMsgWrite)
                  2000ce88    00000190                  : driver.obj (.text:_SlDrvWaitForPoolObj)
                  2000d018    0000018c                  : socket.obj (.text:sl_Connect)
                  2000d1a4    00000178     driverlib.a : prcm.obj (.text:PRCMCC3200MCUInit)
                  2000d31c    00000170     simplelink.a : driver.obj (.text:_SlFindAndSetActiveObj)
                  2000d48c    00000150                  : driver.obj (.text:_SlDrvDataWriteOp)
                  2000d5dc    00000148                  : cc_pal.obj (.text:spi_Open)
                  2000d724    00000144                  : driver.obj (.text:_SlDrvMsgReadCmdCtx)
                  2000d868    00000144                  : netapp.obj (.text:sl_NetAppDnsGetHostByName)
                  2000d9ac    00000136     rtsv7M4_T_le_eabi.lib : fd_div_t2.obj (.text)
                  2000dae2    00000002     --HOLE-- [fill = 0]
                  2000dae4    00000134     simplelink.a : socket.obj (.text:sl_Send)
                  2000dc18    00000130                  : driver.obj (.text:_SlDrvDriverCBDeinit)
                  2000dd48    0000012a     free_rtos.a : list.obj (.text)
                  2000de72    00000002     --HOLE-- [fill = 0]
                  2000de74    00000114     rtsv7M4_T_le_eabi.lib : strtoul.obj (.text)
                  2000df88    00000110     free_rtos.a : port.obj (.text)
                  2000e098    00000110     rtsv7M4_T_le_eabi.lib : xdscale.obj (.text)
                  2000e1a8    00000104     simplelink.a : netapp.obj (.text:_SlDrvNetAppEventHandler)
                  2000e2ac    000000fc     rtsv7M4_T_le_eabi.lib : fd_mul_t2.obj (.text)
                  2000e3a8    000000f0     simplelink.a : device.obj (.text:sl_Stop)
                  2000e498    000000f0                  : cc_pal.obj (.text:spi_Read)
                  2000e588    000000f0     driverlib.a : udma.obj (.text:uDMAChannelTransferSet)
                  2000e678    000000ec     simplelink.a : device.obj (.text:sl_Start)
                  2000e764    000000e8                  : driver.obj (.text:_SlAsyncEventGenericHandler)
                  2000e84c    000000e8                  : driver.obj (.text:_SlDrvMsgReadSpawnCtx)
                  2000e934    000000e4                  : netapp.obj (.text:sl_NetAppMDNSRegisterUnregisterService)
                  2000ea18    000000dc                  : driver.obj (.text:_SlDrvClassifyRxMsg)
                  2000eaf4    000000cc                  : netapp.obj (.text:_sl_HandleAsync_DnsGetHostByService)
                  2000ebc0    000000cc                  : device.obj (.text:sl_DevGet)
                  2000ec8c    000000c4                  : driver.obj (.text:_SlRemoveFromList)
                  2000ed50    000000c0                  : driver.obj (.text:_SlDrvCmdOp)
                  2000ee10    000000c0     rtsv7M4_T_le_eabi.lib : xdint.obj (.text)
                  2000eed0    000000be                           : xdnorm.obj (.text)
                  2000ef8e    00000002     --HOLE-- [fill = 0]
                  2000ef90    000000ba     free_rtos.a : portasm.obj (.text)
                  2000f04a    00000002     --HOLE-- [fill = 0]
                  2000f04c    000000b0     simplelink.a : nonos.obj (.text:_SlNonOsSemGet)
                  2000f0fc    000000a8     driverlib.a : interrupt.obj (.text:IntDisable)
                  2000f1a4    000000a8                 : interrupt.obj (.text:IntEnable)
                  2000f24c    000000a4     simplelink.a : driver.obj (.text:_SlDriverHandleError)
                  2000f2f0    000000a0     driverlib.a : spi.obj (.text:SPIConfigSetExpClk)
                  2000f390    000000a0     simplelink.a : socket.obj (.text:sl_Recv)
                  2000f430    0000009c     rtsv7M4_T_le_eabi.lib : memcpy_t2.obj (.text)
                  2000f4cc    0000009a     simplelink.a : device.obj (.text:_SlDrvDeviceEventHandler)
                  2000f566    00000002     --HOLE-- [fill = 0]
                  2000f568    00000098                  : netcfg.obj (.text:sl_NetCfgSet)
                  2000f600    00000098                  : socket.obj (.text:sl_SetSockOpt)
                  2000f698    00000098                  : wlan.obj (.text:sl_WlanSet)
                  2000f730    00000098                  : cc_pal.obj (.text:spi_Write)
                  2000f7c8    00000094     driverlib.a : prcm.obj (.text:PRCMPeripheralClockGet)
                  2000f85c    00000094     rtsv7M4_T_le_eabi.lib : snprintf.obj (.text)
                  2000f8f0    00000090     simplelink.a : netapp.obj (.text:_sl_HandleAsync_DnsGetHostByName)
                  2000f980    00000090                  : netapp.obj (.text:_sl_HandleAsync_PingResponse)
                  2000fa10    00000090                  : wlan.obj (.text:sl_WlanPolicySet)
                  2000faa0    0000008c                  : cc_pal.obj (.text:SetupDMAReceive)
                  2000fb2c    0000008c                  : cc_pal.obj (.text:SetupDMASend)
                  2000fbb8    0000008c                  : driver.obj (.text:_SlDrvIsTimeoutExpired)
                  2000fc44    0000008c                  : device.obj (.text:_sl_HandleAsync_InitComplete)
                  2000fcd0    0000008c                  : socket.obj (.text:sl_Socket)
                  2000fd5c    00000088     driverlib.a : pin.obj (.text:PinConfigSet)
                  2000fde4    00000088     rtsv7M4_T_le_eabi.lib : vsnprintf.obj (.text)
                  2000fe6c    00000086                           : fd_cmp_t2.obj (.text:__aeabi_cdcmple)
                  2000fef2    00000086                           : fd_cmp_t2.obj (.text:__aeabi_cdrcmple)
                  2000ff78    00000084     driverlib.a : i2c.obj (.text:I2CMasterInitExpClk)
                  2000fffc    00000084     simplelink.a : wlan.obj (.text:sl_WlanRxFilterSet)
                  20010080    00000080                  : socket.obj (.text:_sl_HandleAsync_Connect)
                  20010100    00000080                  : cc_pal.obj (.text:spi_Read_CPU)
                  20010180    00000080                  : cc_pal.obj (.text:spi_Write_CPU)
                  20010200    0000007a     rtsv7M4_T_le_eabi.lib : memset_t2.obj (.text)
                  2001027a    00000002     --HOLE-- [fill = 0]
                  2001027c    00000078     simplelink.a : cc_pal.obj (.text:spi_Close)
                  200102f4    00000076     driverlib.a : uart.obj (.text:UARTConfigSetExpClk)
                  2001036a    00000002     --HOLE-- [fill = 0]
                  2001036c    00000074     simplelink.a : nonos.obj (.text:_SlNonOsMainLoopTask)
                  200103e0    0000006e     rtsv7M4_T_le_eabi.lib : fd_tos_t2.obj (.text)
                  2001044e    00000002     --HOLE-- [fill = 0]
                  20010450    0000006c     simplelink.a : driver.obj (.text:_SlDrvCmdSend)
                  200104bc    0000006c                  : netapp.obj (.text:_sl_NetAppSendTokenValue)
                  20010528    0000006c     rtsv7M4_T_le_eabi.lib : autoinit.obj (.text)
                  20010594    0000006a                           : copy_decompress_rle.obj (.text)
                  200105fe    00000066                           : xdunscal.obj (.text)
                  20010664    00000064     simplelink.a : nonos.obj (.text:_SlNonOsSpawn)
                  200106c8    00000064                  : socket.obj (.text:_sl_HandleAsync_Accept)
                  2001072c    00000064                  : netapp.obj (.text:sl_NetAppMDNSUnRegisterService)
                  20010790    00000064     driverlib.a : udma.obj (.text:uDMAChannelAttributeDisable)
                  200107f4    00000064                 : udma.obj (.text:uDMAChannelAttributeEnable)
                  20010858    00000060     rtsv7M4_T_le_eabi.lib : sprintf.obj (.text)
                  200108b8    00000060     simplelink.a : socket.obj (.text:sl_Close)
                  20010918    00000060                  : wlan.obj (.text:sl_WlanProfileDel)
                  20010978    00000060                  : wlan.obj (.text:sl_WlanSetMode)
                  200109d8    00000058     driverlib.a : interrupt.obj (.text:IntPendClear)
                  20010a30    00000058                 : prcm.obj (.text:PRCMPeripheralReset)
                  20010a88    00000056     rtsv7M4_T_le_eabi.lib : ltoa.obj (.text)
                  20010ade    00000002     --HOLE-- [fill = 0]
                  20010ae0    00000054     driverlib.a : interrupt.obj (.text:IntPrioritySet)
                  20010b34    00000054     simplelink.a : driver.obj (.text:_SlDrvRxIrqHandler)
                  20010b88    00000054                  : socket.obj (.text:_sl_HandleAsync_Select)
                  20010bdc    00000050                  : device.obj (.text:_sl_HandleAsync_Stop)
                  20010c2c    0000004c     driverlib.a : spi.obj (.text:SPIIntEnable)
                  20010c78    0000004c                 : spi.obj (.text:SPIIntNumberGet)
                  20010cc4    0000004c     simplelink.a : driver.obj (.text:_SlDrvProtectAsyncRespSetting)
                  20010d10    0000004c                  : socket.obj (.text:_sl_BuildAddress)
                  20010d5c    0000004c     rtsv7M4_T_le_eabi.lib : atoi.obj (.text)
                  20010da8    0000004c                           : cpy_tbl.obj (.text)
                  20010df4    0000004c     driverlib.a : udma.obj (.text:uDMAChannelAssign)
                  20010e40    00000048                 : spi.obj (.text:SPIIntClear)
                  20010e88    00000048     simplelink.a : driver.obj (.text:_SlDrvBasicCmd)
                  20010ed0    00000048     rtsv7M4_T_le_eabi.lib : fd_toi_t2.obj (.text)
                  20010f18    00000046                           : ldexp.obj (.text)
                  20010f5e    00000002     --HOLE-- [fill = 0]
                  20010f60    00000044     driverlib.a : spi.obj (.text:SPIDmaMaskGet)
                  20010fa4    00000044                 : timer.obj (.text:TimerConfigure)
                  20010fe8    00000044     simplelink.a : driver.obj (.text:_SlDrvSyncObjWaitTimeout)
                  2001102c    00000044                  : cc_pal.obj (.text:cc_SetupTransfer)
                  20011070    00000044     rtsv7M4_T_le_eabi.lib : exit.obj (.text)
                  200110b4    00000042     simplelink.a : socket.obj (.text:sl_Htonl)
                  200110f6    00000002     --HOLE-- [fill = 0]
                  200110f8    00000040     driverlib.a : pin.obj (.text:PinModeSet)
                  20011138    00000040     simplelink.a : socket.obj (.text:_sl_TruncatePayloadByProtocol)
                  20011178    00000040     rtsv7M4_T_le_eabi.lib : signal.obj (.text)
                  200111b8    0000003e     simplelink.a : cc_pal.obj (.text:NwpRegisterInterruptHandler)
                  200111f6    0000003c                  : netapp.obj (.text:CopyPingResultsToReport)
                  20011232    00000002     --HOLE-- [fill = 0]
                  20011234    0000003c     driverlib.a : prcm.obj (.text:PRCMPeripheralClkEnable)
                  20011270    0000003c     rtsv7M4_T_le_eabi.lib : boot.obj (.text)
                  200112ac    0000003c     simplelink.a : cc_pal.obj (.text:simplelink_timerA2_start)
                  200112e8    0000003c                  : socket.obj (.text:sl_Htons)
                  20011324    0000003c     driverlib.a : udma.obj (.text:uDMAChannelControlSet)
                  20011360    00000038     simplelink.a : cc_pal.obj (.text:NwpPowerOff)
                  20011398    00000038     free_rtos.a : heap_3.obj (.text)
                  200113d0    00000038     rtsv7M4_T_le_eabi.lib : fs_tod_t2.obj (.text)
                  20011408    00000038     simplelink.a : wlan.obj (.text:sl_WlanDisconnect)
                  20011440    00000034     driverlib.a : prcm.obj (.text:PRCMPeripheralStatusGet)
                  20011474    00000034                 : spi.obj (.text:SPIFIFOLevelSet)
                  200114a8    00000034     pinmux.obj (.text)
                  200114dc    00000034     rtsv7M4_T_le_eabi.lib : feraiseexcept.obj (.text)
                  20011510    00000030     driverlib.a : uart.obj (.text:UARTDisable)
                  20011540    00000030     rtsv7M4_T_le_eabi.lib : xferaise.obj (.text)
                  20011570    0000002e                           : i_tofd_t2.obj (.text)
                  2001159e    0000002e                           : raise.obj (.text)
                  200115cc    0000002c     driverlib.a : i2c.obj (.text:I2CMasterErr)
                  200115f8    0000002c     simplelink.a : cc_pal.obj (.text:NwpPowerOn)
                  20011624    0000002c     driverlib.a : prcm.obj (.text:PRCMSysResetCauseGet)
                  20011650    0000002c     simplelink.a : driver.obj (.text:_SlDrvObjGlobalLockWaitForever)
                  2001167c    0000002c                  : driver.obj (.text:_SlDrvProtectionObjLockWaitForever)
                  200116a8    0000002a     driverlib.a : timer.obj (.text:TimerLoadSet)
                  200116d2    0000002a                 : timer.obj (.text:TimerPrescaleSet)
                  200116fc    0000002a     rtsv7M4_T_le_eabi.lib : xdclass.obj (.text)
                  20011726    00000002     --HOLE-- [fill = 0]
                  20011728    00000028     driverlib.a : prcm.obj (.text:PRCMPeripheralClkDisable)
                  20011750    00000028     simplelink.a : driver.obj (.text:_SlDrvGlobalObjUnLock)
                  20011778    00000028                  : driver.obj (.text:_SlDrvProtectionObjUnLock)
                  200117a0    00000028                  : driver.obj (.text:_SlDrvSyncObjWaitForever)
                  200117c8    00000026                  : driver.obj (.text:_SlDrvObjLockWaitForever)
                  200117ee    00000026     rtsv7M4_T_le_eabi.lib : strncmp.obj (.text)
                  20011814    00000024     simplelink.a : cc_pal.obj (.text:DmaSpiSwIntHandler)
                  20011838    00000024     driverlib.a : interrupt.obj (.text:IntUnregister)
                  2001185c    00000024                 : uart.obj (.text:UARTEnable)
                  20011880    00000024     rtsv7M4_T_le_eabi.lib : memmov.obj (.text)
                  200118a4    00000022     driverlib.a : i2c.obj (.text:I2CMasterSlaveAddrSet)
                  200118c6    00000022                 : spi.obj (.text:SPIReset)
                  200118e8    00000022                 : spi.obj (.text:SPIWordCountSet)
                  2001190a    00000022     rtsv7M4_T_le_eabi.lib : frexp.obj (.text)
                  2001192c    00000020     driverlib.a : interrupt.obj (.text:IntRegister)
                  2001194c    00000020     simplelink.a : cc_pal.obj (.text:NwpPrePowerOffTimout0)
                  2001196c    00000020                  : cc_pal.obj (.text:TimerGetCurrentTimestamp)
                  2001198c    00000020                  : driver.obj (.text:_SlDrvObjUnLock)
                  200119ac    00000020                  : driver.obj (.text:_SlDrvSyncObjSignal)
                  200119cc    0000001e     driverlib.a : i2c.obj (.text:I2CMasterIntStatusEx)
                  200119ea    0000001e                 : timer.obj (.text:TimerEnable)
                  20011a08    0000001e                 : uart.obj (.text:UARTCharPut)
                  20011a26    0000001e     simplelink.a : cc_pal.obj (.text:cc_UDMAChannelSelect)
                  20011a44    0000001c     driverlib.a : pin.obj (.text:PinTypeI2C)
                  20011a60    0000001c                 : timer.obj (.text:TimerValueGet)
                  20011a7c    0000001c                 : uart.obj (.text:UARTCharGetNonBlocking)
                  20011a98    0000001c     simplelink.a : driver.obj (.text:_SlDrvStartMeasureTimeout)
                  20011ab4    0000001c     rtsv7M4_T_le_eabi.lib : memccpy.obj (.text)
                  20011ad0    0000001c     driverlib.a : udma.obj (.text:uDMAChannelEnable)
                  20011aec    0000001a                 : pin.obj (.text:PinTypeUART)
                  20011b06    0000001a                 : spi.obj (.text:SPIDmaDisable)
                  20011b20    0000001a                 : spi.obj (.text:SPIDmaEnable)
                  20011b3a    0000001a                 : spi.obj (.text:SPIFIFODisable)
                  20011b54    0000001a                 : spi.obj (.text:SPIFIFOEnable)
                  20011b6e    0000001a                 : spi.obj (.text:SPIIntUnregister)
                  20011b88    00000018                 : spi.obj (.text:SPICSDisable)
                  20011ba0    00000018                 : spi.obj (.text:SPICSEnable)
                  20011bb8    00000018                 : spi.obj (.text:SPIDisable)
                  20011bd0    00000018                 : spi.obj (.text:SPIEnable)
                  20011be8    00000018                 : uart.obj (.text:UARTCharsAvail)
                  20011c00    00000018     simplelink.a : nonos.obj (.text:_SlNonOsSemSet)
                  20011c18    00000018                  : device.obj (.text:_sl_GetStartResponseConvert)
                  20011c30    00000018     rtsv7M4_T_le_eabi.lib : args_main.obj (.text)
                  20011c48    00000018                           : strcmp.obj (.text)
                  20011c60    00000016     driverlib.a : i2c.obj (.text:I2CMasterDataPut)
                  20011c76    00000016                 : i2c.obj (.text:I2CMasterEnable)
                  20011c8c    00000016                 : prcm.obj (.text:PRCMHIBRegRead)
                  20011ca2    00000016                 : prcm.obj (.text:PRCMHIBRegWrite)
                  20011cb8    00000016     simplelink.a : driver.obj (.text:_SlDrvMemZero)
                  20011cce    00000016     rtsv7M4_T_le_eabi.lib : strchr.obj (.text)
                  20011ce4    00000014     driverlib.a : cpu.obj (.text:CPUcpsie)
                  20011cf8    00000014                 : interrupt.obj (.text:IntVTableBaseSet)
                  20011d0c    00000014     rtsv7M4_T_le_eabi.lib : _lock.obj (.text)
                  20011d20    00000014                           : strcpy.obj (.text)
                  20011d34    00000014                           : strlen.obj (.text)
                  20011d48    00000012     driverlib.a : i2c.obj (.text:I2CMasterControl)
                  20011d5a    00000012                 : i2c.obj (.text:I2CMasterIntClearEx)
                  20011d6c    00000012                 : i2c.obj (.text:I2CMasterTimeoutSet)
                  20011d7e    00000010     simplelink.a : driver.obj (.text:_SlDrvDispatchHttpServerEvents)
                  20011d8e    0000000e     driverlib.a : i2c.obj (.text:I2CMasterDataGet)
                  20011d9c    0000000e     simplelink.a : driver.obj (.text:_SlDrvResetCmdExt)
                  20011daa    0000000e     rtsv7M4_T_le_eabi.lib : copy_decompress_none.obj (.text:decompress:none)
                  20011db8    0000000e     startup_ccs.obj (.text)
                  20011dc6    00000002     --HOLE-- [fill = 0]
                  20011dc8    0000000c     simplelink.a : cc_pal.obj (.text:NwpMaskInterrupt)
                  20011dd4    0000000c                  : cc_pal.obj (.text:NwpUnMaskInterrupt)
                  20011de0    0000000c     rtsv7M4_T_le_eabi.lib : copy_zero_init.obj (.text:decompress:ZI)
                  20011dec    0000000a     driverlib.a : interrupt.obj (.text:IntMasterEnable)
                  20011df6    00000006                 : utils.obj (.text:UtilsDelay)
                  20011dfc    00000006     rtsv7M4_T_le_eabi.lib : copy_decompress_rle.obj (.text:decompress:rle24)
                  20011e02    00000006                           : log.obj (.text)
                  20011e08    00000004                           : pre_init.obj (.text)

.const     0    20011e10    00000704     
                  20011e10    00000101     rtsv7M4_T_le_eabi.lib : ctype.obj (.const:.string:_ctypes_)
                  20011f11    00000003     --HOLE-- [fill = 0]
                  20011f14    00000100     driverlib.a : pin.obj (.const:g_ulPinToPadMap)
                  20012014    000000d4                 : interrupt.obj (.const:g_pulRegs)
                  200120e8    000000a8                 : prcm.obj (.const:PRCM_PeriphRegsList)
                  20012190    00000080                 : interrupt.obj (.const)
                  20012210    00000048     rtsv7M4_T_le_eabi.lib : xexp.obj (.const)
                  20012258    00000043     main.obj (.const:.string)
                  2001229b    00000001     --HOLE-- [fill = 0]
                  2001229c    00000040     main.obj (.const)
                  200122dc    0000003c     simplelink.a : driver.obj (.const:OpcodeTranslateTable)
                  20012318    00000038                  : driver.obj (.const:_SlActionLookupTable)
                  20012350    00000038     rtsv7M4_T_le_eabi.lib : xlog.obj (.const:p)
                  20012388    00000030                           : xdint.obj (.const)
                  200123b8    0000002c     main.obj (.const:$P$T1$2)
                  200123e4    00000024     driverlib.a : spi.obj (.const:g_ppulSPIIntMap)
                  20012408    00000022     main.obj (.const:.string:$P$T0$1)
                  2001242a    00000002     --HOLE-- [fill = 0]
                  2001242c    00000020     simplelink.a : driver.obj (.const:RxMsgClassLUT)
                  2001244c    00000018     driverlib.a : spi.obj (.const)
                  20012464    00000014     simplelink.a : driver.obj (.const:$P$T0$1)
                  20012478    00000014                  : nonos.obj (.const:$P$T0$1)
                  2001248c    00000010                  : socket.obj (.const:.string:_SlPayloadByProtocolLUT)
                  2001249c    00000010     webclient.a : httpcli.obj (.const)
                  200124ac    00000008                 : httpcli.obj (.const:.string)
                  200124b4    00000008     simplelink.a : device.obj (.const:StartResponseLUT)
                  200124bc    00000008                  : driver.obj (.const:g_H2NCnysPattern)
                  200124c4    00000008                  : driver.obj (.const:g_H2NSyncPattern)
                  200124cc    00000004                  : wlan.obj (.const:$P$T0$1)
                  200124d0    00000004                  : socket.obj (.const:$P$T2$3)
                  200124d4    00000004                  : device.obj (.const:_SlDeviceGetCmdCtrl)
                  200124d8    00000004                  : netapp.obj (.const:_SlGetHostByNameCtrl)
                  200124dc    00000004                  : netapp.obj (.const:_SlNetAppSendTokenValueCmdCtrl)
                  200124e0    00000004                  : netcfg.obj (.const:_SlNetCfgSetCmdCtrl)
                  200124e4    00000004                  : wlan.obj (.const:_SlPolicySetCmdCtrl)
                  200124e8    00000004                  : wlan.obj (.const:_SlProfileDelCmdCtrl)
                  200124ec    00000004                  : socket.obj (.const:_SlRecvCmdCtrl)
                  200124f0    00000004                  : netapp.obj (.const:_SlRegisterServiceCtrl)
                  200124f4    00000004                  : wlan.obj (.const:_SlRxFilterSetCmdCtrl)
                  200124f8    00000004                  : socket.obj (.const:_SlSendCmdCtrl)
                  200124fc    00000004                  : socket.obj (.const:_SlSetSockOptCmdCtrl)
                  20012500    00000004                  : socket.obj (.const:_SlSockCloseCmdCtrl)
                  20012504    00000004                  : socket.obj (.const:_SlSockSocketCmdCtrl)
                  20012508    00000004                  : device.obj (.const:_SlStopCmdCtrl)
                  2001250c    00000004                  : wlan.obj (.const:_SlWlanCfgSetCmdCtrl)
                  20012510    00000004                  : wlan.obj (.const:_SlWlanSetModeCmdCtrl)

.cinit     0    20012518    000000a8     
                  20012518    00000081     (.cinit..data.load) [load image, compression = rle]
                  20012599    00000003     --HOLE-- [fill = 0]
                  2001259c    0000000c     (__TI_handler_table)
                  200125a8    00000008     (.cinit..bss.load) [load image, compression = zero_init]
                  200125b0    00000010     (__TI_cinit_table)

.sysmem    0    20017000    00004000     UNINITIALIZED
                  20017000    00000008     rtsv7M4_T_le_eabi.lib : memory.obj (.sysmem)
                  20017008    00003ff8     --HOLE--

.bss       0    2001b000    0000092b     UNINITIALIZED
                  2001b000    000005b8     main.obj (.bss:g_buff)
                  2001b5b8    00000168     simplelink.a : driver.obj (.bss:g_StatMem)
                  2001b720    000000c8     free_rtos.a : tasks.obj (.bss:pxReadyTasksLists)
                  2001b7e8    00000050                 : queue.obj (.bss:xQueueRegistry)
                  2001b838    00000050     (.common:g_ucDinDout)
                  2001b888    00000024     main.obj (.bss:g_ucConnectionSSID)
                  2001b8ac    00000014     (.common:xDelayedTaskList1)
                  2001b8c0    00000014     (.common:xDelayedTaskList2)
                  2001b8d4    00000014     (.common:xPendingReadyList)
                  2001b8e8    00000014     (.common:xSuspendedTaskList)
                  2001b8fc    00000014     (.common:xTasksWaitingTermination)
                  2001b910    00000008     (.common:g_ucConnectionBSSID)
                  2001b918    00000004     (.common:__Errorlog)
                  2001b91c    00000004     (.common:g_ulDestinationIP)
                  2001b920    00000004     (.common:pxDelayedTaskList)
                  2001b924    00000004     (.common:pxOverflowDelayedTaskList)
                  2001b928    00000001     (.common:RxIrqCnt)
                  2001b929    00000001     (.common:g_bDeviceRestartIsRequired)
                  2001b92a    00000001     (.common:g_cDummy)

.TI.noinit 
*          0    2001b000    00000000     UNINITIALIZED

.data      0    2001b930    000002c4     UNINITIALIZED
                  2001b930    000000b0     rtsv7M4_T_le_eabi.lib : signal.obj (.data:sigtable)
                  2001b9e0    00000080                           : xvalues.obj (.data)
                  2001ba60    00000068                           : xfvalues.obj (.data)
                  2001bac8    00000048     webclient.a : httpcli.obj (.data:tlsParams)
                  2001bb10    0000003c     simplelink.a : nonos.obj (.data:g__SlNonOsCB)
                  2001bb4c    00000034     free_rtos.a : tasks.obj (.data)
                  2001bb80    00000010     webclient.a : httpcli.obj (.data)
                  2001bb90    0000000d     simplelink.a : driver.obj (.data)
                  2001bb9d    00000003     --HOLE--
                  2001bba0    0000000c     free_rtos.a : osi_freertos.obj (.data)
                  2001bbac    0000000c     main.obj (.data)
                  2001bbb8    0000000c     rtsv7M4_T_le_eabi.lib : memory.obj (.data)
                  2001bbc4    00000009     simplelink.a : cc_pal.obj (.data)
                  2001bbcd    00000003     --HOLE--
                  2001bbd0    00000008     rtsv7M4_T_le_eabi.lib : _lock.obj (.data)
                  2001bbd8    00000008                           : exit.obj (.data)
                  2001bbe0    00000008                           : feraiseexcept.obj (.data)
                  2001bbe8    00000004     free_rtos.a : port.obj (.data)
                  2001bbec    00000004     rtsv7M4_T_le_eabi.lib : errno.obj (.data)
                  2001bbf0    00000004                           : stkdepth_vars.obj (.data)

.TI.persistent 
*          0    2001b930    00000000     UNINITIALIZED

.stack     0    2002ff00    00000100     UNINITIALIZED
                  2002ff00    00000100     --HOLE--


LINKER GENERATED COPY TABLES

__TI_cinit_table @ 200125b0 records: 2, size/record: 8, table size: 16
	.data: load addr=20012518, load size=00000081 bytes, run addr=2001b930, run size=000002c4 bytes, compression=rle
	.bss: load addr=200125a8, load size=00000008 bytes, run addr=2001b000, run size=0000092b bytes, compression=zero_init


LINKER GENERATED HANDLER TABLE

__TI_handler_table @ 2001259c records: 3, size/record: 4, table size: 12
	index: 0, handler: __TI_decompress_rle24
	index: 1, handler: __TI_decompress_none
	index: 2, handler: __TI_zero_init


GLOBAL SYMBOLS: SORTED ALPHABETICALLY BY Name 

address   name                                  
-------   ----                                  
20011071  C$$EXIT                               
20011ce5  CPUcpsie                              
2000bac5  ClearTerm                             
20011815  DmaSpiSwIntHandler                    
2000bacf  Error                                 
2000bb07  GetCmd                                
20008423  HTTPCli_connect                       
20008545  HTTPCli_construct                     
2000858d  HTTPCli_create                        
200085a5  HTTPCli_delete                        
200085db  HTTPCli_destruct                      
20008623  HTTPCli_disconnect                    
20008859  HTTPCli_getResponseField              
20008823  HTTPCli_getResponseStatus             
20008315  HTTPCli_initSockAddr                  
20008a69  HTTPCli_readRawResponseBody           
200089dd  HTTPCli_readResponseBody              
20008793  HTTPCli_sendField                     
200086c5  HTTPCli_sendRequest                   
200087eb  HTTPCli_sendRequestBody               
20008aa9  HTTPCli_setProxy                      
20008659  HTTPCli_setRequestFields              
2000867f  HTTPCli_setResponseFields             
200086a5  HTTPCli_setSecureParams               
20011d49  I2CMasterControl                      
20011d8f  I2CMasterDataGet                      
20011c61  I2CMasterDataPut                      
20011c77  I2CMasterEnable                       
200115cd  I2CMasterErr                          
2000ff79  I2CMasterInitExpClk                   
20011d5b  I2CMasterIntClearEx                   
200119cd  I2CMasterIntStatusEx                  
200118a5  I2CMasterSlaveAddrSet                 
20011d6d  I2CMasterTimeoutSet                   
2000ba6d  I2C_IF_Close                          
2000ba25  I2C_IF_Open                           
2000b91f  I2C_IF_Read                           
2000b9db  I2C_IF_ReadFrom                       
2000b869  I2C_IF_Write                          
2000ba85  InitTerm                              
2000f0fd  IntDisable                            
2000f1a5  IntEnable                             
20011ded  IntMasterEnable                       
200109d9  IntPendClear                          
20010ae1  IntPrioritySet                        
2001192d  IntRegister                           
20011839  IntUnregister                         
20011cf9  IntVTableBaseSet                      
2000baa3  Message                               
20011dc9  NwpMaskInterrupt                      
20011361  NwpPowerOff                           
200115f9  NwpPowerOn                            
2001194d  NwpPrePowerOffTimout0                 
200111b9  NwpRegisterInterruptHandler           
20011dd5  NwpUnMaskInterrupt                    
200122dc  OpcodeTranslateTable                  
2000d1a5  PRCMCC3200MCUInit                     
20011c8d  PRCMHIBRegRead                        
20011ca3  PRCMHIBRegWrite                       
20011729  PRCMPeripheralClkDisable              
20011235  PRCMPeripheralClkEnable               
2000f7c9  PRCMPeripheralClockGet                
20010a31  PRCMPeripheralReset                   
20011441  PRCMPeripheralStatusGet               
20011625  PRCMSysResetCauseGet                  
20004d7f  ParseJSONData                         
2000fd5d  PinConfigSet                          
200110f9  PinModeSet                            
200114a9  PinMuxConfig                          
20011a45  PinTypeI2C                            
20011aed  PinTypeUART                           
2000bc55  Report                                
20011db9  ResetISR                              
2001b928  RxIrqCnt                              
UNDEFED   SHT$$INIT_ARRAY$$Base                 
UNDEFED   SHT$$INIT_ARRAY$$Limit                
20011b89  SPICSDisable                          
20011ba1  SPICSEnable                           
2000f2f1  SPIConfigSetExpClk                    
20011bb9  SPIDisable                            
20011b07  SPIDmaDisable                         
20011b21  SPIDmaEnable                          
20011bd1  SPIEnable                             
20011b3b  SPIFIFODisable                        
20011b55  SPIFIFOEnable                         
20011475  SPIFIFOLevelSet                       
20010e41  SPIIntClear                           
20010c2d  SPIIntEnable                          
20011b6f  SPIIntUnregister                      
200118c7  SPIReset                              
200118e9  SPIWordCountSet                       
200045c5  SimpleLinkGeneralEventHandler         
2000459d  SimpleLinkHttpServerCallback          
20004507  SimpleLinkNetAppEventHandler          
200045db  SimpleLinkSockEventHandler            
20004401  SimpleLinkWlanEventHandler            
2000b23d  Ssock_construct                       
2000b27d  Ssock_create                          
2000b297  Ssock_delete                          
2000b2bf  Ssock_destruct                        
2000b311  Ssock_getSocket                       
2000b31f  Ssock_recv                            
2000b379  Ssock_recvall                         
2000b3bd  Ssock_send                            
2000b4d7  Ssock_startSecure                     
2000acdf  TMP006DrvGetTemp                      
2000aa7d  TMP006DrvOpen                         
20010fa5  TimerConfigure                        
200119eb  TimerEnable                           
2001196d  TimerGetCurrentTimestamp              
200116a9  TimerLoadSet                          
200116d3  TimerPrescaleSet                      
20011a61  TimerValueGet                         
2000bbbd  TrimSpace                             
20011a7d  UARTCharGetNonBlocking                
20011a09  UARTCharPut                           
20011be9  UARTCharsAvail                        
200102f5  UARTConfigSetExpClk                   
20011511  UARTDisable                           
2001185d  UARTEnable                            
20011df7  UtilsDelay                            
2000a8a9  VDeleteSimpleLinkSpawnTask            
2000a859  VStartSimpleLinkSpawnTask             
200116fd  _Dclass                               
2001b9e0  _Denorm                               
2000ee11  _Dint                                 
2000eed1  _Dnorm                                
2000e099  _Dscale                               
200105ff  _Dunscale                             
2001b9f0  _Eps                                  
2001bbec  _Errno                                
2000c1dd  _Exp                                  
2001ba60  _FDenorm                              
2001ba70  _FEps                                 
2001ba80  _FInf                                 
2001ba90  _FNan                                 
2001bab0  _FRteps                               
2001baa0  _FSnan                                
2001bac0  _FXbig                                
2001bac4  _FZero                                
2001bbe0  _Fenv                                 
20011541  _Feraise                              
2001ba00  _Hugeval                              
2001ba10  _Inf                                  
2000b511  _Log                                  
2001ba20  _Nan                                  
2001ba40  _Rteps                                
20012318  _SlActionLookupTable                  
2000f24d  _SlDriverHandleError                  
20010e89  _SlDrvBasicCmd                        
2000ed51  _SlDrvCmdOp                           
20010451  _SlDrvCmdSend                         
2000c5cd  _SlDrvDataReadOp                      
2000d48d  _SlDrvDataWriteOp                     
2000f4cd  _SlDrvDeviceEventHandler              
20011d7f  _SlDrvDispatchHttpServerEvents        
2000dc19  _SlDrvDriverCBDeinit                  
2000cb39  _SlDrvDriverCBInit                    
20011751  _SlDrvGlobalObjUnLock                 
2000fbb9  _SlDrvIsTimeoutExpired                
20011cb9  _SlDrvMemZero                         
2000e84d  _SlDrvMsgReadSpawnCtx                 
2000e1a9  _SlDrvNetAppEventHandler              
200117c9  _SlDrvObjLockWaitForever              
2001198d  _SlDrvObjUnLock                       
20010cc5  _SlDrvProtectAsyncRespSetting         
2001167d  _SlDrvProtectionObjLockWaitForever    
20011779  _SlDrvProtectionObjUnLock             
2000c7b1  _SlDrvReleasePoolObj                  
20011d9d  _SlDrvResetCmdExt                     
20010b35  _SlDrvRxIrqHandler                    
20011a99  _SlDrvStartMeasureTimeout             
200119ad  _SlDrvSyncObjSignal                   
200117a1  _SlDrvSyncObjWaitForever              
20010fe9  _SlDrvSyncObjWaitTimeout              
2000ce89  _SlDrvWaitForPoolObj                  
200124dc  _SlNetAppSendTokenValueCmdCtrl        
2001036d  _SlNonOsMainLoopTask                  
2000f04d  _SlNonOsSemGet                        
20011c01  _SlNonOsSemSet                        
20010665  _SlNonOsSpawn                         
2001ba30  _Snan                                 
2001bbe4  _Tls_setup__Fenv                      
2001ba50  _Xbig                                 
2001ba58  _Zero                                 
20030000  __STACK_END                           
00000100  __STACK_SIZE                          
00004000  __SYSMEM_SIZE                         
200125b0  __TI_CINIT_Base                       
200125c0  __TI_CINIT_Limit                      
2001259c  __TI_Handler_Table_Base               
200125a8  __TI_Handler_Table_Limit              
20010529  __TI_auto_init                        
2001bbd8  __TI_cleanup_ptr                      
20011dab  __TI_decompress_none                  
20011dfd  __TI_decompress_rle24                 
2001bbdc  __TI_dtors_ptr                        
200077f1  __TI_printfi                          
20012518  __TI_static_base__                    
20011de1  __TI_zero_init                        
2000fe6d  __aeabi_cdcmpeq                       
2000fe6d  __aeabi_cdcmple                       
2000fef3  __aeabi_cdrcmple                      
200103e1  __aeabi_d2f                           
20010ed1  __aeabi_d2iz                          
2000c98b  __aeabi_dadd                          
2000d9ad  __aeabi_ddiv                          
2000e2ad  __aeabi_dmul                          
2000c981  __aeabi_dsub                          
200113d1  __aeabi_f2d                           
20011571  __aeabi_i2d                           
20010201  __aeabi_memclr                        
20010201  __aeabi_memclr4                       
20010201  __aeabi_memclr8                       
2000f431  __aeabi_memcpy                        
2000f431  __aeabi_memcpy4                       
2000f431  __aeabi_memcpy8                       
20010203  __aeabi_memset                        
20010203  __aeabi_memset4                       
20010203  __aeabi_memset8                       
2000c3d9  __aeabi_uldivmod                      
ffffffff  __binit__                             
ffffffff  __c_args__                            
2002ff00  __stack                               
20011c31  _args_main                            
20011271  _c_int00                              
20011e10  _ctypes_                              
2001bbd0  _lock                                 
20011d1b  _nop                                  
20011d13  _register_lock                        
20011d0d  _register_unlock                      
200106c9  _sl_HandleAsync_Accept                
20010081  _sl_HandleAsync_Connect               
2000f8f1  _sl_HandleAsync_DnsGetHostByName      
2000eaf5  _sl_HandleAsync_DnsGetHostByService   
2000fc45  _sl_HandleAsync_InitComplete          
2000f981  _sl_HandleAsync_PingResponse          
20010b89  _sl_HandleAsync_Select                
20010bdd  _sl_HandleAsync_Stop                  
200104bd  _sl_NetAppSendTokenValue              
20017000  _sys_memory                           
20011e09  _system_pre_init                      
2001bbd4  _unlock                               
20011075  abort                                 
20010d5d  atoi                                  
ffffffff  binit                                 
20007b3f  bufferedRecv                          
2001bbb4  bytesReceived                         
2000b1f1  calloc                                
20010da9  copy_in                               
20005a85  eTaskGetState                         
2001107d  exit                                  
200114dd  feraiseexcept                         
2000af3f  free                                  
2001190b  frexp                                 
2001bb90  g_SlDeviceStatus                      
2001bbc4  g_SpiFd                               
2001bb10  g__SlNonOsCB                          
2001b929  g_bDeviceRestartIsRequired            
2001b000  g_buff                                
2001b92a  g_cDummy                              
2001bb94  g_pCB                                 
2001bbc8  g_pHostIntHdl                         
20004000  g_pfnVectors                          
2001b910  g_ucConnectionBSSID                   
2001b888  g_ucConnectionSSID                    
2001bbcc  g_ucDMAEnabled                        
2001b838  g_ucDinDout                           
2001b91c  g_ulDestinationIP                     
2001bbb0  g_ulGatewayIP                         
2001bbac  g_ulStatus                            
20009bb3  jsmn_init                             
200098a1  jsmn_parse                            
20010f19  ldexp                                 
20011e03  log                                   
20010a89  ltoa                                  
200055f9  main                                  
2001bbf0  main_func_sp                          
2000aed7  malloc                                
2000a9ad  mem_Free                              
2000a9a1  mem_Malloc                            
2000a9cd  mem_copy                              
2000a9b9  mem_set                               
2000b10d  memalign                              
20011ab5  memccpy                               
2000f431  memcpy                                
20011881  memmove                               
20010209  memset                                
2000ae49  minit                                 
2000aa23  osi_ContextRestore                    
2000aa21  osi_ContextSave                       
2000a9e1  osi_EnterCritical                     
2000a9eb  osi_ExitCritical                      
2000a607  osi_InterruptDeRegister               
2000a5e1  osi_InterruptRegister                 
2000a711  osi_LockObjCreate                     
2000a785  osi_LockObjDelete                     
2000a795  osi_LockObjLock                       
2000a7c1  osi_LockObjUnlock                     
2000a8d5  osi_MsgQCreate                        
2000a919  osi_MsgQDelete                        
2000a965  osi_MsgQRead                          
2000a933  osi_MsgQWrite                         
2000a9fd  osi_Sleep                             
2000a7eb  osi_Spawn                             
2000a6ef  osi_SyncObjClear                      
2000a619  osi_SyncObjCreate                     
2000a649  osi_SyncObjDelete                     
2000a663  osi_SyncObjSignal                     
2000a68b  osi_SyncObjSignalFromISR              
2000a6c3  osi_SyncObjWait                       
2000a737  osi_TaskCreate                        
2000a777  osi_TaskDelete                        
2000aa0d  osi_TaskDisable                       
2000aa17  osi_TaskEnable                        
2000a9f5  osi_start                             
2001bb98  pPingCallBackFunc                     
20005fa9  pcTaskGetTaskName                     
2000f045  portCLZ                               
2000a161  pow                                   
2000f02d  prvPortStartFirstTask                 
20011399  pvPortMalloc                          
2001bb4c  pxCurrentTCB                          
2000df89  pxPortInitialiseStack                 
2001159f  raise                                 
2000b001  realloc                               
20011179  signal                                
200112ad  simplelink_timerA2_start              
200108b9  sl_Close                              
2000d019  sl_Connect                            
2000ebc1  sl_DevGet                             
200110b5  sl_Htonl                              
200112e9  sl_Htons                              
2000d869  sl_NetAppDnsGetHostByName             
2000e935  sl_NetAppMDNSRegisterUnregisterService
2001072d  sl_NetAppMDNSUnRegisterService        
2000f569  sl_NetCfgSet                          
2000f391  sl_Recv                               
2000dae5  sl_Send                               
2000f601  sl_SetSockOpt                         
2000fcd1  sl_Socket                             
2000e679  sl_Start                              
2000e3a9  sl_Stop                               
2000bd15  sl_WlanConnect                        
20011409  sl_WlanDisconnect                     
2000fa11  sl_WlanPolicySet                      
20010919  sl_WlanProfileDel                     
2000fffd  sl_WlanRxFilterSet                    
2000f699  sl_WlanSet                            
20010979  sl_WlanSetMode                        
2000f85d  snprintf                              
2001027d  spi_Close                             
2000d5dd  spi_Open                              
2000e499  spi_Read                              
2000f731  spi_Write                             
20010859  sprintf                               
20011ccf  strchr                                
20011c49  strcmp                                
20011d21  strcpy                                
20011d35  strlen                                
200117ef  strncmp                               
2000de75  strtoul                               
20010df5  uDMAChannelAssign                     
20010791  uDMAChannelAttributeDisable           
200107f5  uDMAChannelAttributeEnable            
20011325  uDMAChannelControlSet                 
20011ad1  uDMAChannelEnable                     
2000e589  uDMAChannelTransferSet                
2000923d  ucQueueGetQueueType                   
2000ef95  ulPortSetInterruptMask                
2000de2b  uxListRemove                          
2000921d  uxQueueGetQueueNumber                 
200091b1  uxQueueMessagesWaiting                
200091e7  uxQueueMessagesWaitingFromISR         
200091c7  uxQueueSpacesAvailable                
20005f9d  uxTaskGetNumberOfTasks                
20005fcd  uxTaskGetSystemState                  
200064c1  uxTaskGetTaskNumber                   
20005b19  uxTaskPriorityGet                     
20006a19  uxTaskResetEventItemValue             
2000538b  vApplicationIdleHook                  
2000538d  vApplicationMallocFailedHook          
2000538f  vApplicationStackOverflowHook         
20005381  vAssertCalled                         
2000dd49  vListInitialise                       
2000dd79  vListInitialiseItem                   
2000ddc5  vListInsert                           
2000dd89  vListInsertEnd                        
2000efab  vPortClearInterruptMask               
2000e005  vPortEndScheduler                     
2000e019  vPortEnterCritical                    
2000e031  vPortExitCritical                     
200113b9  vPortFree                             
2000f005  vPortSVCHandler                       
2000e065  vPortSetupTimerInterrupt              
2000e007  vPortYield                            
20009457  vQueueAddToRegistry                   
200091f9  vQueueDelete                          
2000922b  vQueueSetQueueNumber                  
20009499  vQueueUnregisterQueue                 
20005a2f  vTaskDelay                            
20005993  vTaskDelayUntil                       
20005903  vTaskDelete                           
20005e81  vTaskEndScheduler                     
200064b3  vTaskMissedYield                      
20006249  vTaskPlaceOnEventList                 
200062ad  vTaskPlaceOnUnorderedEventList        
2000698f  vTaskPriorityDisinherit               
200068d5  vTaskPriorityInherit                  
20005b51  vTaskPrioritySet                      
20005d49  vTaskResume                           
200064e1  vTaskSetTaskNumber                    
20006413  vTaskSetTimeOutState                  
20005e37  vTaskStartScheduler                   
20005c55  vTaskSuspend                          
20005e93  vTaskSuspendAll                       
200061c9  vTaskSwitchContext                    
2000fde5  vsnprintf                             
2001bba0  xHigherPriorityTaskWoken              
2000efb9  xPortPendSVHandler                    
2000dfd9  xPortStartScheduler                   
2000e049  xPortSysTickHandler                   
200094e7  xQueueAddToSet                        
20008e19  xQueueAltGenericReceive               
20008d6d  xQueueAltGenericSend                  
20008c41  xQueueCreateCountingSemaphore         
20008bc3  xQueueCreateMutex                     
200094d3  xQueueCreateSet                       
20008b4d  xQueueGenericCreate                   
20008fb3  xQueueGenericReceive                  
20008abd  xQueueGenericReset                    
20008c61  xQueueGenericSend                     
20008f17  xQueueGenericSendFromISR              
200093f3  xQueueIsQueueEmptyFromISR             
20009435  xQueueIsQueueFullFromISR              
2000916d  xQueuePeekFromISR                     
200090f5  xQueueReceiveFromISR                  
2001b7e8  xQueueRegistry                        
2000951b  xQueueRemoveFromSet                   
2000955d  xQueueSelectFromSet                   
20009577  xQueueSelectFromSetFromISR            
2001bba4  xSimpleLinkSpawnQueue                 
2001bba8  xSimpleLinkSpawnTaskHndl              
20006439  xTaskCheckForTimeOut                  
200057f5  xTaskGenericCreate                    
20006889  xTaskGetCurrentTaskHandle             
2000608b  xTaskGetIdleTaskHandle                
2000689d  xTaskGetSchedulerState                
20005f71  xTaskGetTickCount                     
20005f85  xTaskGetTickCountFromISR              
200060a5  xTaskIncrementTick                    
20006321  xTaskRemoveFromEventList              
200063a5  xTaskRemoveFromUnorderedEventList     
20005ea5  xTaskResumeAll                        
20005dbd  xTaskResumeFromISR                    


GLOBAL SYMBOLS: SORTED BY Symbol Address 

address   name                                  
-------   ----                                  
00000100  __STACK_SIZE                          
00004000  __SYSMEM_SIZE                         
20004000  g_pfnVectors                          
20004401  SimpleLinkWlanEventHandler            
20004507  SimpleLinkNetAppEventHandler          
2000459d  SimpleLinkHttpServerCallback          
200045c5  SimpleLinkGeneralEventHandler         
200045db  SimpleLinkSockEventHandler            
20004d7f  ParseJSONData                         
20005381  vAssertCalled                         
2000538b  vApplicationIdleHook                  
2000538d  vApplicationMallocFailedHook          
2000538f  vApplicationStackOverflowHook         
200055f9  main                                  
200057f5  xTaskGenericCreate                    
20005903  vTaskDelete                           
20005993  vTaskDelayUntil                       
20005a2f  vTaskDelay                            
20005a85  eTaskGetState                         
20005b19  uxTaskPriorityGet                     
20005b51  vTaskPrioritySet                      
20005c55  vTaskSuspend                          
20005d49  vTaskResume                           
20005dbd  xTaskResumeFromISR                    
20005e37  vTaskStartScheduler                   
20005e81  vTaskEndScheduler                     
20005e93  vTaskSuspendAll                       
20005ea5  xTaskResumeAll                        
20005f71  xTaskGetTickCount                     
20005f85  xTaskGetTickCountFromISR              
20005f9d  uxTaskGetNumberOfTasks                
20005fa9  pcTaskGetTaskName                     
20005fcd  uxTaskGetSystemState                  
2000608b  xTaskGetIdleTaskHandle                
200060a5  xTaskIncrementTick                    
200061c9  vTaskSwitchContext                    
20006249  vTaskPlaceOnEventList                 
200062ad  vTaskPlaceOnUnorderedEventList        
20006321  xTaskRemoveFromEventList              
200063a5  xTaskRemoveFromUnorderedEventList     
20006413  vTaskSetTimeOutState                  
20006439  xTaskCheckForTimeOut                  
200064b3  vTaskMissedYield                      
200064c1  uxTaskGetTaskNumber                   
200064e1  vTaskSetTaskNumber                    
20006889  xTaskGetCurrentTaskHandle             
2000689d  xTaskGetSchedulerState                
200068d5  vTaskPriorityInherit                  
2000698f  vTaskPriorityDisinherit               
20006a19  uxTaskResetEventItemValue             
200077f1  __TI_printfi                          
20007b3f  bufferedRecv                          
20008315  HTTPCli_initSockAddr                  
20008423  HTTPCli_connect                       
20008545  HTTPCli_construct                     
2000858d  HTTPCli_create                        
200085a5  HTTPCli_delete                        
200085db  HTTPCli_destruct                      
20008623  HTTPCli_disconnect                    
20008659  HTTPCli_setRequestFields              
2000867f  HTTPCli_setResponseFields             
200086a5  HTTPCli_setSecureParams               
200086c5  HTTPCli_sendRequest                   
20008793  HTTPCli_sendField                     
200087eb  HTTPCli_sendRequestBody               
20008823  HTTPCli_getResponseStatus             
20008859  HTTPCli_getResponseField              
200089dd  HTTPCli_readResponseBody              
20008a69  HTTPCli_readRawResponseBody           
20008aa9  HTTPCli_setProxy                      
20008abd  xQueueGenericReset                    
20008b4d  xQueueGenericCreate                   
20008bc3  xQueueCreateMutex                     
20008c41  xQueueCreateCountingSemaphore         
20008c61  xQueueGenericSend                     
20008d6d  xQueueAltGenericSend                  
20008e19  xQueueAltGenericReceive               
20008f17  xQueueGenericSendFromISR              
20008fb3  xQueueGenericReceive                  
200090f5  xQueueReceiveFromISR                  
2000916d  xQueuePeekFromISR                     
200091b1  uxQueueMessagesWaiting                
200091c7  uxQueueSpacesAvailable                
200091e7  uxQueueMessagesWaitingFromISR         
200091f9  vQueueDelete                          
2000921d  uxQueueGetQueueNumber                 
2000922b  vQueueSetQueueNumber                  
2000923d  ucQueueGetQueueType                   
200093f3  xQueueIsQueueEmptyFromISR             
20009435  xQueueIsQueueFullFromISR              
20009457  vQueueAddToRegistry                   
20009499  vQueueUnregisterQueue                 
200094d3  xQueueCreateSet                       
200094e7  xQueueAddToSet                        
2000951b  xQueueRemoveFromSet                   
2000955d  xQueueSelectFromSet                   
20009577  xQueueSelectFromSetFromISR            
200098a1  jsmn_parse                            
20009bb3  jsmn_init                             
2000a161  pow                                   
2000a5e1  osi_InterruptRegister                 
2000a607  osi_InterruptDeRegister               
2000a619  osi_SyncObjCreate                     
2000a649  osi_SyncObjDelete                     
2000a663  osi_SyncObjSignal                     
2000a68b  osi_SyncObjSignalFromISR              
2000a6c3  osi_SyncObjWait                       
2000a6ef  osi_SyncObjClear                      
2000a711  osi_LockObjCreate                     
2000a737  osi_TaskCreate                        
2000a777  osi_TaskDelete                        
2000a785  osi_LockObjDelete                     
2000a795  osi_LockObjLock                       
2000a7c1  osi_LockObjUnlock                     
2000a7eb  osi_Spawn                             
2000a859  VStartSimpleLinkSpawnTask             
2000a8a9  VDeleteSimpleLinkSpawnTask            
2000a8d5  osi_MsgQCreate                        
2000a919  osi_MsgQDelete                        
2000a933  osi_MsgQWrite                         
2000a965  osi_MsgQRead                          
2000a9a1  mem_Malloc                            
2000a9ad  mem_Free                              
2000a9b9  mem_set                               
2000a9cd  mem_copy                              
2000a9e1  osi_EnterCritical                     
2000a9eb  osi_ExitCritical                      
2000a9f5  osi_start                             
2000a9fd  osi_Sleep                             
2000aa0d  osi_TaskDisable                       
2000aa17  osi_TaskEnable                        
2000aa21  osi_ContextSave                       
2000aa23  osi_ContextRestore                    
2000aa7d  TMP006DrvOpen                         
2000acdf  TMP006DrvGetTemp                      
2000ae49  minit                                 
2000aed7  malloc                                
2000af3f  free                                  
2000b001  realloc                               
2000b10d  memalign                              
2000b1f1  calloc                                
2000b23d  Ssock_construct                       
2000b27d  Ssock_create                          
2000b297  Ssock_delete                          
2000b2bf  Ssock_destruct                        
2000b311  Ssock_getSocket                       
2000b31f  Ssock_recv                            
2000b379  Ssock_recvall                         
2000b3bd  Ssock_send                            
2000b4d7  Ssock_startSecure                     
2000b511  _Log                                  
2000b869  I2C_IF_Write                          
2000b91f  I2C_IF_Read                           
2000b9db  I2C_IF_ReadFrom                       
2000ba25  I2C_IF_Open                           
2000ba6d  I2C_IF_Close                          
2000ba85  InitTerm                              
2000baa3  Message                               
2000bac5  ClearTerm                             
2000bacf  Error                                 
2000bb07  GetCmd                                
2000bbbd  TrimSpace                             
2000bc55  Report                                
2000bd15  sl_WlanConnect                        
2000c1dd  _Exp                                  
2000c3d9  __aeabi_uldivmod                      
2000c5cd  _SlDrvDataReadOp                      
2000c7b1  _SlDrvReleasePoolObj                  
2000c981  __aeabi_dsub                          
2000c98b  __aeabi_dadd                          
2000cb39  _SlDrvDriverCBInit                    
2000ce89  _SlDrvWaitForPoolObj                  
2000d019  sl_Connect                            
2000d1a5  PRCMCC3200MCUInit                     
2000d48d  _SlDrvDataWriteOp                     
2000d5dd  spi_Open                              
2000d869  sl_NetAppDnsGetHostByName             
2000d9ad  __aeabi_ddiv                          
2000dae5  sl_Send                               
2000dc19  _SlDrvDriverCBDeinit                  
2000dd49  vListInitialise                       
2000dd79  vListInitialiseItem                   
2000dd89  vListInsertEnd                        
2000ddc5  vListInsert                           
2000de2b  uxListRemove                          
2000de75  strtoul                               
2000df89  pxPortInitialiseStack                 
2000dfd9  xPortStartScheduler                   
2000e005  vPortEndScheduler                     
2000e007  vPortYield                            
2000e019  vPortEnterCritical                    
2000e031  vPortExitCritical                     
2000e049  xPortSysTickHandler                   
2000e065  vPortSetupTimerInterrupt              
2000e099  _Dscale                               
2000e1a9  _SlDrvNetAppEventHandler              
2000e2ad  __aeabi_dmul                          
2000e3a9  sl_Stop                               
2000e499  spi_Read                              
2000e589  uDMAChannelTransferSet                
2000e679  sl_Start                              
2000e84d  _SlDrvMsgReadSpawnCtx                 
2000e935  sl_NetAppMDNSRegisterUnregisterService
2000eaf5  _sl_HandleAsync_DnsGetHostByService   
2000ebc1  sl_DevGet                             
2000ed51  _SlDrvCmdOp                           
2000ee11  _Dint                                 
2000eed1  _Dnorm                                
2000ef95  ulPortSetInterruptMask                
2000efab  vPortClearInterruptMask               
2000efb9  xPortPendSVHandler                    
2000f005  vPortSVCHandler                       
2000f02d  prvPortStartFirstTask                 
2000f045  portCLZ                               
2000f04d  _SlNonOsSemGet                        
2000f0fd  IntDisable                            
2000f1a5  IntEnable                             
2000f24d  _SlDriverHandleError                  
2000f2f1  SPIConfigSetExpClk                    
2000f391  sl_Recv                               
2000f431  __aeabi_memcpy                        
2000f431  __aeabi_memcpy4                       
2000f431  __aeabi_memcpy8                       
2000f431  memcpy                                
2000f4cd  _SlDrvDeviceEventHandler              
2000f569  sl_NetCfgSet                          
2000f601  sl_SetSockOpt                         
2000f699  sl_WlanSet                            
2000f731  spi_Write                             
2000f7c9  PRCMPeripheralClockGet                
2000f85d  snprintf                              
2000f8f1  _sl_HandleAsync_DnsGetHostByName      
2000f981  _sl_HandleAsync_PingResponse          
2000fa11  sl_WlanPolicySet                      
2000fbb9  _SlDrvIsTimeoutExpired                
2000fc45  _sl_HandleAsync_InitComplete          
2000fcd1  sl_Socket                             
2000fd5d  PinConfigSet                          
2000fde5  vsnprintf                             
2000fe6d  __aeabi_cdcmpeq                       
2000fe6d  __aeabi_cdcmple                       
2000fef3  __aeabi_cdrcmple                      
2000ff79  I2CMasterInitExpClk                   
2000fffd  sl_WlanRxFilterSet                    
20010081  _sl_HandleAsync_Connect               
20010201  __aeabi_memclr                        
20010201  __aeabi_memclr4                       
20010201  __aeabi_memclr8                       
20010203  __aeabi_memset                        
20010203  __aeabi_memset4                       
20010203  __aeabi_memset8                       
20010209  memset                                
2001027d  spi_Close                             
200102f5  UARTConfigSetExpClk                   
2001036d  _SlNonOsMainLoopTask                  
200103e1  __aeabi_d2f                           
20010451  _SlDrvCmdSend                         
200104bd  _sl_NetAppSendTokenValue              
20010529  __TI_auto_init                        
200105ff  _Dunscale                             
20010665  _SlNonOsSpawn                         
200106c9  _sl_HandleAsync_Accept                
2001072d  sl_NetAppMDNSUnRegisterService        
20010791  uDMAChannelAttributeDisable           
200107f5  uDMAChannelAttributeEnable            
20010859  sprintf                               
200108b9  sl_Close                              
20010919  sl_WlanProfileDel                     
20010979  sl_WlanSetMode                        
200109d9  IntPendClear                          
20010a31  PRCMPeripheralReset                   
20010a89  ltoa                                  
20010ae1  IntPrioritySet                        
20010b35  _SlDrvRxIrqHandler                    
20010b89  _sl_HandleAsync_Select                
20010bdd  _sl_HandleAsync_Stop                  
20010c2d  SPIIntEnable                          
20010cc5  _SlDrvProtectAsyncRespSetting         
20010d5d  atoi                                  
20010da9  copy_in                               
20010df5  uDMAChannelAssign                     
20010e41  SPIIntClear                           
20010e89  _SlDrvBasicCmd                        
20010ed1  __aeabi_d2iz                          
20010f19  ldexp                                 
20010fa5  TimerConfigure                        
20010fe9  _SlDrvSyncObjWaitTimeout              
20011071  C$$EXIT                               
20011075  abort                                 
2001107d  exit                                  
200110b5  sl_Htonl                              
200110f9  PinModeSet                            
20011179  signal                                
200111b9  NwpRegisterInterruptHandler           
20011235  PRCMPeripheralClkEnable               
20011271  _c_int00                              
200112ad  simplelink_timerA2_start              
200112e9  sl_Htons                              
20011325  uDMAChannelControlSet                 
20011361  NwpPowerOff                           
20011399  pvPortMalloc                          
200113b9  vPortFree                             
200113d1  __aeabi_f2d                           
20011409  sl_WlanDisconnect                     
20011441  PRCMPeripheralStatusGet               
20011475  SPIFIFOLevelSet                       
200114a9  PinMuxConfig                          
200114dd  feraiseexcept                         
20011511  UARTDisable                           
20011541  _Feraise                              
20011571  __aeabi_i2d                           
2001159f  raise                                 
200115cd  I2CMasterErr                          
200115f9  NwpPowerOn                            
20011625  PRCMSysResetCauseGet                  
2001167d  _SlDrvProtectionObjLockWaitForever    
200116a9  TimerLoadSet                          
200116d3  TimerPrescaleSet                      
200116fd  _Dclass                               
20011729  PRCMPeripheralClkDisable              
20011751  _SlDrvGlobalObjUnLock                 
20011779  _SlDrvProtectionObjUnLock             
200117a1  _SlDrvSyncObjWaitForever              
200117c9  _SlDrvObjLockWaitForever              
200117ef  strncmp                               
20011815  DmaSpiSwIntHandler                    
20011839  IntUnregister                         
2001185d  UARTEnable                            
20011881  memmove                               
200118a5  I2CMasterSlaveAddrSet                 
200118c7  SPIReset                              
200118e9  SPIWordCountSet                       
2001190b  frexp                                 
2001192d  IntRegister                           
2001194d  NwpPrePowerOffTimout0                 
2001196d  TimerGetCurrentTimestamp              
2001198d  _SlDrvObjUnLock                       
200119ad  _SlDrvSyncObjSignal                   
200119cd  I2CMasterIntStatusEx                  
200119eb  TimerEnable                           
20011a09  UARTCharPut                           
20011a45  PinTypeI2C                            
20011a61  TimerValueGet                         
20011a7d  UARTCharGetNonBlocking                
20011a99  _SlDrvStartMeasureTimeout             
20011ab5  memccpy                               
20011ad1  uDMAChannelEnable                     
20011aed  PinTypeUART                           
20011b07  SPIDmaDisable                         
20011b21  SPIDmaEnable                          
20011b3b  SPIFIFODisable                        
20011b55  SPIFIFOEnable                         
20011b6f  SPIIntUnregister                      
20011b89  SPICSDisable                          
20011ba1  SPICSEnable                           
20011bb9  SPIDisable                            
20011bd1  SPIEnable                             
20011be9  UARTCharsAvail                        
20011c01  _SlNonOsSemSet                        
20011c31  _args_main                            
20011c49  strcmp                                
20011c61  I2CMasterDataPut                      
20011c77  I2CMasterEnable                       
20011c8d  PRCMHIBRegRead                        
20011ca3  PRCMHIBRegWrite                       
20011cb9  _SlDrvMemZero                         
20011ccf  strchr                                
20011ce5  CPUcpsie                              
20011cf9  IntVTableBaseSet                      
20011d0d  _register_unlock                      
20011d13  _register_lock                        
20011d1b  _nop                                  
20011d21  strcpy                                
20011d35  strlen                                
20011d49  I2CMasterControl                      
20011d5b  I2CMasterIntClearEx                   
20011d6d  I2CMasterTimeoutSet                   
20011d7f  _SlDrvDispatchHttpServerEvents        
20011d8f  I2CMasterDataGet                      
20011d9d  _SlDrvResetCmdExt                     
20011dab  __TI_decompress_none                  
20011db9  ResetISR                              
20011dc9  NwpMaskInterrupt                      
20011dd5  NwpUnMaskInterrupt                    
20011de1  __TI_zero_init                        
20011ded  IntMasterEnable                       
20011df7  UtilsDelay                            
20011dfd  __TI_decompress_rle24                 
20011e03  log                                   
20011e09  _system_pre_init                      
20011e10  _ctypes_                              
200122dc  OpcodeTranslateTable                  
20012318  _SlActionLookupTable                  
200124dc  _SlNetAppSendTokenValueCmdCtrl        
20012518  __TI_static_base__                    
2001259c  __TI_Handler_Table_Base               
200125a8  __TI_Handler_Table_Limit              
200125b0  __TI_CINIT_Base                       
200125c0  __TI_CINIT_Limit                      
20017000  _sys_memory                           
2001b000  g_buff                                
2001b7e8  xQueueRegistry                        
2001b838  g_ucDinDout                           
2001b888  g_ucConnectionSSID                    
2001b910  g_ucConnectionBSSID                   
2001b91c  g_ulDestinationIP                     
2001b928  RxIrqCnt                              
2001b929  g_bDeviceRestartIsRequired            
2001b92a  g_cDummy                              
2001b9e0  _Denorm                               
2001b9f0  _Eps                                  
2001ba00  _Hugeval                              
2001ba10  _Inf                                  
2001ba20  _Nan                                  
2001ba30  _Snan                                 
2001ba40  _Rteps                                
2001ba50  _Xbig                                 
2001ba58  _Zero                                 
2001ba60  _FDenorm                              
2001ba70  _FEps                                 
2001ba80  _FInf                                 
2001ba90  _FNan                                 
2001baa0  _FSnan                                
2001bab0  _FRteps                               
2001bac0  _FXbig                                
2001bac4  _FZero                                
2001bb10  g__SlNonOsCB                          
2001bb4c  pxCurrentTCB                          
2001bb90  g_SlDeviceStatus                      
2001bb94  g_pCB                                 
2001bb98  pPingCallBackFunc                     
2001bba0  xHigherPriorityTaskWoken              
2001bba4  xSimpleLinkSpawnQueue                 
2001bba8  xSimpleLinkSpawnTaskHndl              
2001bbac  g_ulStatus                            
2001bbb0  g_ulGatewayIP                         
2001bbb4  bytesReceived                         
2001bbc4  g_SpiFd                               
2001bbc8  g_pHostIntHdl                         
2001bbcc  g_ucDMAEnabled                        
2001bbd0  _lock                                 
2001bbd4  _unlock                               
2001bbd8  __TI_cleanup_ptr                      
2001bbdc  __TI_dtors_ptr                        
2001bbe0  _Fenv                                 
2001bbe4  _Tls_setup__Fenv                      
2001bbec  _Errno                                
2001bbf0  main_func_sp                          
2002ff00  __stack                               
20030000  __STACK_END                           
ffffffff  __binit__                             
ffffffff  __c_args__                            
ffffffff  binit                                 
UNDEFED   SHT$$INIT_ARRAY$$Base                 
UNDEFED   SHT$$INIT_ARRAY$$Limit                

[455 symbols]
